// Jest Snapshot v1, https://goo.gl/fbAQLP

exports[`DealWithIt 1`] = `
<div>
  Hello world (▀̿Ĺ̯▀̿ ̿).
</div>
`;
